
--- 1. TN Rice Small Farmer (1.0ha) ---
- Small Farmer Tractor Support (50% Subsidy on Tractors)

--- 1. TN Rice Small Farmer (1.0ha) ERROR: 'charmap' codec can't encode character '\u20b9' in position 48: character maps to <undefined> ---

--- 2. TN Rice Large Farmer (5.0ha) ---

--- 2. TN Rice Large Farmer (5.0ha) ERROR: 'charmap' codec can't encode character '\u20b9' in position 48: character maps to <undefined> ---

--- 3. Punjab Wheat Small Farmer (1.0ha) ---
- Small Farmer Tractor Support (50% Subsidy on Tractors)

--- 3. Punjab Wheat Small Farmer (1.0ha) ERROR: 'charmap' codec can't encode character '\u20b9' in position 48: character maps to <undefined> ---

--- 4. Punjab Wheat Large Farmer (5.0ha) ---

--- 4. Punjab Wheat Large Farmer (5.0ha) ERROR: 'charmap' codec can't encode character '\u20b9' in position 48: character maps to <undefined> ---
